D:\Semester IV\StrategiAlgoritma\tubes1\starter-pack\starter-pack\starter-bots\final\Tubes1_greedIsBad\JavaBot\src\main\java\Enums\PlayerActions.java
D:\Semester IV\StrategiAlgoritma\tubes1\starter-pack\starter-pack\starter-bots\final\Tubes1_greedIsBad\JavaBot\src\main\java\Enums\Effect.java
D:\Semester IV\StrategiAlgoritma\tubes1\starter-pack\starter-pack\starter-bots\final\Tubes1_greedIsBad\JavaBot\src\main\java\Models\GameObject.java
D:\Semester IV\StrategiAlgoritma\tubes1\starter-pack\starter-pack\starter-bots\final\Tubes1_greedIsBad\JavaBot\src\main\java\Models\PlayerAction.java
D:\Semester IV\StrategiAlgoritma\tubes1\starter-pack\starter-pack\starter-bots\final\Tubes1_greedIsBad\JavaBot\src\main\java\Models\GameState.java
D:\Semester IV\StrategiAlgoritma\tubes1\starter-pack\starter-pack\starter-bots\final\Tubes1_greedIsBad\JavaBot\src\main\java\Main.java
D:\Semester IV\StrategiAlgoritma\tubes1\starter-pack\starter-pack\starter-bots\final\Tubes1_greedIsBad\JavaBot\src\main\java\Models\Position.java
D:\Semester IV\StrategiAlgoritma\tubes1\starter-pack\starter-pack\starter-bots\final\Tubes1_greedIsBad\JavaBot\src\main\java\Enums\ObjectTypes.java
D:\Semester IV\StrategiAlgoritma\tubes1\starter-pack\starter-pack\starter-bots\final\Tubes1_greedIsBad\JavaBot\src\main\java\Services\BotService.java
D:\Semester IV\StrategiAlgoritma\tubes1\starter-pack\starter-pack\starter-bots\final\Tubes1_greedIsBad\JavaBot\src\main\java\Models\World.java
D:\Semester IV\StrategiAlgoritma\tubes1\starter-pack\starter-pack\starter-bots\final\Tubes1_greedIsBad\JavaBot\src\main\java\Models\GameStateDto.java
